sb: num inodes [/tmp/sshukla/test-disk1]: found 0 expected 32
